ÏµÍ³ÕÒ²»µ½Ö¸¶¨µÄÇı¶¯Æ÷¡£

========================================
  Non-interactive Build
  åº”ç”¨: calculator
  æ¡†æ¶: f:\work\swoole_compiler\examples\vue-calc
  ç¼–è¯‘å™¨: f:\work\swoole_compiler\examples\vue-calc\swoole_compiler
========================================

[é…ç½®] EXE: calculator.exe
[é…ç½®] SFC: App.vue -> gen\App.gen.php + gen\AppLayout_gen.php

========================================
  Step 0: MSVC ç¼–è¯‘ç¯å¢ƒ
========================================

[åˆå§‹åŒ–] è°ƒç”¨ vcvarsall.bat x64...
  [OK] cl.exe å¯ç”¨ 
  [OK] cl.exe available

========================================
  Step 1: SFC ç¼–è¯‘ (Vue -> .gen.php)
========================================
  Input: App.vue
  Output: gen\App.gen.php
          gen\AppLayout_gen.php

SFC Compiler v5: apps\calculator\App.vue (components: display-panel, num-pad, about-dialog)
  Template: 896 bytes
  Script:   4821 bytes
  Style:    261 bytes
  Classes:  5 parsed
  Elements: 10 (rects + texts)
  Buttons:  20
  BindKeys: 5
  Handlers: 5
  CondProps: 2

AOT Validation: PASSED (0 errors, 0 warnings)
  Generated:  F:\work\swoole_compiler\examples\vue-calc\apps\calculator\gen\AppLayout_gen.php (9495 bytes)
  Generated:  F:\work\swoole_compiler\examples\vue-calc\apps\calculator\gen\App.gen.php (7580 bytes)

Done.
  [å®Œæˆ] SFC ç¼–è¯‘æˆåŠŸ

========================================
  Step 2: AOT ç¼–è¯‘ (PHP -> exe)
========================================
  Config: apps\calculator\project.yml
  Output: f:\work\swoole_compiler\examples\vue-calc\calculator.exe

Initialized platform/backend: Windows + MSVC (cl)
'clang-format' ²»ÊÇÄÚ²¿»òÍâ²¿ÃüÁî£¬Ò²²»ÊÇ¿ÉÔËĞĞµÄ³ÌĞò
»òÅú´¦ÀíÎÄ¼ş¡£
prepare: apps\calculator\main.php
prepare: apps\calculator\Application.php
prepare: apps\calculator\gen\App.gen.php
prepare: apps\calculator\gen\AppLayout_gen.php
prepare: framework\ReactiveComponent.php
prepare: framework\ChangeQueue.php
prepare: framework\BaseRenderer.php
prepare: framework\rendering\RenderContext.php
prepare: framework\rendering\GdiRenderContext.php
prepare: stub\vue_calc.stub.php
prepare completed: 11 source files in total
convert: apps\calculator\main.php
generate arginfo file: apps\calculator\main.php
convert: apps\calculator\Application.php
generate arginfo file: apps\calculator\Application.php
PHP Notice:  Accessing static property ClassInfo::$currentClass as non static in Unknown(0) : eval() on line 1
convert: framework\ReactiveComponent.php
generate arginfo file: framework\ReactiveComponent.php
convert: apps\calculator\gen\App.gen.php
generate arginfo file: apps\calculator\gen\App.gen.php
convert: apps\calculator\gen\AppLayout_gen.php
generate arginfo file: apps\calculator\gen\AppLayout_gen.php
convert: framework\ChangeQueue.php
generate arginfo file: framework\ChangeQueue.php
convert: framework\BaseRenderer.php
generate arginfo file: framework\BaseRenderer.php
convert: framework\rendering\RenderContext.php
generate arginfo file: framework\rendering\RenderContext.php
convert: framework\rendering\GdiRenderContext.php
generate arginfo file: framework\rendering\GdiRenderContext.php
convert: stub\vue_calc.stub.php
generate arginfo file: stub\vue_calc.stub.php
Starting compilation for 15 files
cl /c "F:\work\swoole_compiler\examples\vue-calc/build\apps\calculator\main.cc" /Fo"F:\work\swoole_compiler\examples\vue-calc/build\apps\calculator\main.obj" /I "F:\work\swoole_compiler\phpx\include" /I "F:\work\swoole_compiler\examples\vue-calc\build\include" /I "F:\work\swoole_compiler\phpx\src\misc" /I "F:\work\swoole_compiler\SDK\include" /I "F:\work\swoole_compiler\SDK\include\main" /I "F:\work\swoole_compiler\SDK\include\Zend" /I "F:\work\swoole_compiler\SDK\include\TSRM" /I "F:\work\swoole_compiler\SDK\include\ext" /DZEND_WIN32 /DPHP_WIN32 /DZEND_DEBUG=0 /DZTS /Od /W3 /wd4244 /wd4242 /wd4146 /wd4820 /wd4464 /wd4365 /wd4127 /wd4668 /wd4626 /wd5027 /wd5219 /wd5220 /wd4100 /wd5039 /wd4101 /wd4102 /wd4800 /wd5045 /wd5264 /wd5246 /wd4388 /wd4623 /wd4611 /EHsc /std:c++17 /MD /nologo
main.cc
cl /c "F:\work\swoole_compiler\examples\vue-calc/build\apps\calculator\Application.cc" /Fo"F:\work\swoole_compiler\examples\vue-calc/build\apps\calculator\Application.obj" /I "F:\work\swoole_compiler\phpx\include" /I "F:\work\swoole_compiler\examples\vue-calc\build\include" /I "F:\work\swoole_compiler\phpx\src\misc" /I "F:\work\swoole_compiler\SDK\include" /I "F:\work\swoole_compiler\SDK\include\main" /I "F:\work\swoole_compiler\SDK\include\Zend" /I "F:\work\swoole_compiler\SDK\include\TSRM" /I "F:\work\swoole_compiler\SDK\include\ext" /DZEND_WIN32 /DPHP_WIN32 /DZEND_DEBUG=0 /DZTS /Od /W3 /wd4244 /wd4242 /wd4146 /wd4820 /wd4464 /wd4365 /wd4127 /wd4668 /wd4626 /wd5027 /wd5219 /wd5220 /wd4100 /wd5039 /wd4101 /wd4102 /wd4800 /wd5045 /wd5264 /wd5246 /wd4388 /wd4623 /wd4611 /EHsc /std:c++17 /MD /nologo
Application.cc
cl /c "F:\work\swoole_compiler\examples\vue-calc/build\framework\ReactiveComponent.cc" /Fo"F:\work\swoole_compiler\examples\vue-calc/build\framework\ReactiveComponent.obj" /I "F:\work\swoole_compiler\phpx\include" /I "F:\work\swoole_compiler\examples\vue-calc\build\include" /I "F:\work\swoole_compiler\phpx\src\misc" /I "F:\work\swoole_compiler\SDK\include" /I "F:\work\swoole_compiler\SDK\include\main" /I "F:\work\swoole_compiler\SDK\include\Zend" /I "F:\work\swoole_compiler\SDK\include\TSRM" /I "F:\work\swoole_compiler\SDK\include\ext" /DZEND_WIN32 /DPHP_WIN32 /DZEND_DEBUG=0 /DZTS /Od /W3 /wd4244 /wd4242 /wd4146 /wd4820 /wd4464 /wd4365 /wd4127 /wd4668 /wd4626 /wd5027 /wd5219 /wd5220 /wd4100 /wd5039 /wd4101 /wd4102 /wd4800 /wd5045 /wd5264 /wd5246 /wd4388 /wd4623 /wd4611 /EHsc /std:c++17 /MD /nologo
ReactiveComponent.cc
cl /c "F:\work\swoole_compiler\examples\vue-calc/build\apps\calculator\gen\App.gen.cc" /Fo"F:\work\swoole_compiler\examples\vue-calc/build\apps\calculator\gen\App.gen.obj" /I "F:\work\swoole_compiler\phpx\include" /I "F:\work\swoole_compiler\examples\vue-calc\build\include" /I "F:\work\swoole_compiler\phpx\src\misc" /I "F:\work\swoole_compiler\SDK\include" /I "F:\work\swoole_compiler\SDK\include\main" /I "F:\work\swoole_compiler\SDK\include\Zend" /I "F:\work\swoole_compiler\SDK\include\TSRM" /I "F:\work\swoole_compiler\SDK\include\ext" /DZEND_WIN32 /DPHP_WIN32 /DZEND_DEBUG=0 /DZTS /Od /W3 /wd4244 /wd4242 /wd4146 /wd4820 /wd4464 /wd4365 /wd4127 /wd4668 /wd4626 /wd5027 /wd5219 /wd5220 /wd4100 /wd5039 /wd4101 /wd4102 /wd4800 /wd5045 /wd5264 /wd5246 /wd4388 /wd4623 /wd4611 /EHsc /std:c++17 /MD /nologo
App.gen.cc
cl /c "F:\work\swoole_compiler\examples\vue-calc/build\apps\calculator\gen\AppLayout_gen.cc" /Fo"F:\work\swoole_compiler\examples\vue-calc/build\apps\calculator\gen\AppLayout_gen.obj" /I "F:\work\swoole_compiler\phpx\include" /I "F:\work\swoole_compiler\examples\vue-calc\build\include" /I "F:\work\swoole_compiler\phpx\src\misc" /I "F:\work\swoole_compiler\SDK\include" /I "F:\work\swoole_compiler\SDK\include\main" /I "F:\work\swoole_compiler\SDK\include\Zend" /I "F:\work\swoole_compiler\SDK\include\TSRM" /I "F:\work\swoole_compiler\SDK\include\ext" /DZEND_WIN32 /DPHP_WIN32 /DZEND_DEBUG=0 /DZTS /Od /W3 /wd4244 /wd4242 /wd4146 /wd4820 /wd4464 /wd4365 /wd4127 /wd4668 /wd4626 /wd5027 /wd5219 /wd5220 /wd4100 /wd5039 /wd4101 /wd4102 /wd4800 /wd5045 /wd5264 /wd5246 /wd4388 /wd4623 /wd4611 /EHsc /std:c++17 /MD /nologo
AppLayout_gen.cc
cl /c "F:\work\swoole_compiler\examples\vue-calc/build\framework\ChangeQueue.cc" /Fo"F:\work\swoole_compiler\examples\vue-calc/build\framework\ChangeQueue.obj" /I "F:\work\swoole_compiler\phpx\include" /I "F:\work\swoole_compiler\examples\vue-calc\build\include" /I "F:\work\swoole_compiler\phpx\src\misc" /I "F:\work\swoole_compiler\SDK\include" /I "F:\work\swoole_compiler\SDK\include\main" /I "F:\work\swoole_compiler\SDK\include\Zend" /I "F:\work\swoole_compiler\SDK\include\TSRM" /I "F:\work\swoole_compiler\SDK\include\ext" /DZEND_WIN32 /DPHP_WIN32 /DZEND_DEBUG=0 /DZTS /Od /W3 /wd4244 /wd4242 /wd4146 /wd4820 /wd4464 /wd4365 /wd4127 /wd4668 /wd4626 /wd5027 /wd5219 /wd5220 /wd4100 /wd5039 /wd4101 /wd4102 /wd4800 /wd5045 /wd5264 /wd5246 /wd4388 /wd4623 /wd4611 /EHsc /std:c++17 /MD /nologo
ChangeQueue.cc
cl /c "F:\work\swoole_compiler\examples\vue-calc/build\framework\BaseRenderer.cc" /Fo"F:\work\swoole_compiler\examples\vue-calc/build\framework\BaseRenderer.obj" /I "F:\work\swoole_compiler\phpx\include" /I "F:\work\swoole_compiler\examples\vue-calc\build\include" /I "F:\work\swoole_compiler\phpx\src\misc" /I "F:\work\swoole_compiler\SDK\include" /I "F:\work\swoole_compiler\SDK\include\main" /I "F:\work\swoole_compiler\SDK\include\Zend" /I "F:\work\swoole_compiler\SDK\include\TSRM" /I "F:\work\swoole_compiler\SDK\include\ext" /DZEND_WIN32 /DPHP_WIN32 /DZEND_DEBUG=0 /DZTS /Od /W3 /wd4244 /wd4242 /wd4146 /wd4820 /wd4464 /wd4365 /wd4127 /wd4668 /wd4626 /wd5027 /wd5219 /wd5220 /wd4100 /wd5039 /wd4101 /wd4102 /wd4800 /wd5045 /wd5264 /wd5246 /wd4388 /wd4623 /wd4611 /EHsc /std:c++17 /MD /nologo
BaseRenderer.cc
cl /c "F:\work\swoole_compiler\examples\vue-calc/build\framework\rendering\RenderContext.cc" /Fo"F:\work\swoole_compiler\examples\vue-calc/build\framework\rendering\RenderContext.obj" /I "F:\work\swoole_compiler\phpx\include" /I "F:\work\swoole_compiler\examples\vue-calc\build\include" /I "F:\work\swoole_compiler\phpx\src\misc" /I "F:\work\swoole_compiler\SDK\include" /I "F:\work\swoole_compiler\SDK\include\main" /I "F:\work\swoole_compiler\SDK\include\Zend" /I "F:\work\swoole_compiler\SDK\include\TSRM" /I "F:\work\swoole_compiler\SDK\include\ext" /DZEND_WIN32 /DPHP_WIN32 /DZEND_DEBUG=0 /DZTS /Od /W3 /wd4244 /wd4242 /wd4146 /wd4820 /wd4464 /wd4365 /wd4127 /wd4668 /wd4626 /wd5027 /wd5219 /wd5220 /wd4100 /wd5039 /wd4101 /wd4102 /wd4800 /wd5045 /wd5264 /wd5246 /wd4388 /wd4623 /wd4611 /EHsc /std:c++17 /MD /nologo
RenderContext.cc
cl /c "F:\work\swoole_compiler\examples\vue-calc/build\framework\rendering\GdiRenderContext.cc" /Fo"F:\work\swoole_compiler\examples\vue-calc/build\framework\rendering\GdiRenderContext.obj" /I "F:\work\swoole_compiler\phpx\include" /I "F:\work\swoole_compiler\examples\vue-calc\build\include" /I "F:\work\swoole_compiler\phpx\src\misc" /I "F:\work\swoole_compiler\SDK\include" /I "F:\work\swoole_compiler\SDK\include\main" /I "F:\work\swoole_compiler\SDK\include\Zend" /I "F:\work\swoole_compiler\SDK\include\TSRM" /I "F:\work\swoole_compiler\SDK\include\ext" /DZEND_WIN32 /DPHP_WIN32 /DZEND_DEBUG=0 /DZTS /Od /W3 /wd4244 /wd4242 /wd4146 /wd4820 /wd4464 /wd4365 /wd4127 /wd4668 /wd4626 /wd5027 /wd5219 /wd5220 /wd4100 /wd5039 /wd4101 /wd4102 /wd4800 /wd5045 /wd5264 /wd5246 /wd4388 /wd4623 /wd4611 /EHsc /std:c++17 /MD /nologo
GdiRenderContext.cc
cl /c "F:\work\swoole_compiler\examples\vue-calc/build\stub\vue_calc.stub.cc" /Fo"F:\work\swoole_compiler\examples\vue-calc/build\stub\vue_calc.stub.obj" /I "F:\work\swoole_compiler\phpx\include" /I "F:\work\swoole_compiler\examples\vue-calc\build\include" /I "F:\work\swoole_compiler\phpx\src\misc" /I "F:\work\swoole_compiler\SDK\include" /I "F:\work\swoole_compiler\SDK\include\main" /I "F:\work\swoole_compiler\SDK\include\Zend" /I "F:\work\swoole_compiler\SDK\include\TSRM" /I "F:\work\swoole_compiler\SDK\include\ext" /DZEND_WIN32 /DPHP_WIN32 /DZEND_DEBUG=0 /DZTS /Od /W3 /wd4244 /wd4242 /wd4146 /wd4820 /wd4464 /wd4365 /wd4127 /wd4668 /wd4626 /wd5027 /wd5219 /wd5220 /wd4100 /wd5039 /wd4101 /wd4102 /wd4800 /wd5045 /wd5264 /wd5246 /wd4388 /wd4623 /wd4611 /EHsc /std:c++17 /MD /nologo
vue_calc.stub.cc
cl /c "F:\work\swoole_compiler\examples\vue-calc\cpp\vue_calc.cc" /Fo"F:\work\swoole_compiler\examples\vue-calc\cpp\vue_calc.obj" /I "F:\work\swoole_compiler\phpx\include" /I "F:\work\swoole_compiler\examples\vue-calc\build\include" /I "F:\work\swoole_compiler\phpx\src\misc" /I "F:\work\swoole_compiler\SDK\include" /I "F:\work\swoole_compiler\SDK\include\main" /I "F:\work\swoole_compiler\SDK\include\Zend" /I "F:\work\swoole_compiler\SDK\include\TSRM" /I "F:\work\swoole_compiler\SDK\include\ext" /DZEND_WIN32 /DPHP_WIN32 /DZEND_DEBUG=0 /DZTS /Od /W3 /wd4244 /wd4242 /wd4146 /wd4820 /wd4464 /wd4365 /wd4127 /wd4668 /wd4626 /wd5027 /wd5219 /wd5220 /wd4100 /wd5039 /wd4101 /wd4102 /wd4800 /wd5045 /wd5264 /wd5246 /wd4388 /wd4623 /wd4611 /EHsc /std:c++17 /MD /nologo
vue_calc.cc
F:\work\swoole_compiler\examples\vue-calc\cpp\vue_calc.cc(1): warning C4819: ¸ÃÎÄ¼ş°üº¬²»ÄÜÔÚµ±Ç°´úÂëÒ³(936)ÖĞ±íÊ¾µÄ×Ö·û¡£Çë½«¸ÃÎÄ¼ş±£´æÎª Unicode ¸ñÊ½ÒÔ·ÀÖ¹Êı¾İ¶ªÊ§
cl /c "F:\work\swoole_compiler\examples\vue-calc/build/extension-app_calculator.cc" /Fo"F:\work\swoole_compiler\examples\vue-calc/build\extension-app_calculator.obj" /I "F:\work\swoole_compiler\phpx\include" /I "F:\work\swoole_compiler\examples\vue-calc\build\include" /I "F:\work\swoole_compiler\phpx\src\misc" /I "F:\work\swoole_compiler\SDK\include" /I "F:\work\swoole_compiler\SDK\include\main" /I "F:\work\swoole_compiler\SDK\include\Zend" /I "F:\work\swoole_compiler\SDK\include\TSRM" /I "F:\work\swoole_compiler\SDK\include\ext" /DZEND_WIN32 /DPHP_WIN32 /DZEND_DEBUG=0 /DZTS /Od /W3 /wd4244 /wd4242 /wd4146 /wd4820 /wd4464 /wd4365 /wd4127 /wd4668 /wd4626 /wd5027 /wd5219 /wd5220 /wd4100 /wd5039 /wd4101 /wd4102 /wd4800 /wd5045 /wd5264 /wd5246 /wd4388 /wd4623 /wd4611 /EHsc /std:c++17 /MD /nologo
extension-app_calculator.cc
cl /c "F:\work\swoole_compiler\phpx/src/misc/main.cc" /Fo"F:\work\swoole_compiler\phpx/src/misc\main.obj" /I "F:\work\swoole_compiler\phpx\include" /I "F:\work\swoole_compiler\examples\vue-calc\build\include" /I "F:\work\swoole_compiler\phpx\src\misc" /I "F:\work\swoole_compiler\SDK\include" /I "F:\work\swoole_compiler\SDK\include\main" /I "F:\work\swoole_compiler\SDK\include\Zend" /I "F:\work\swoole_compiler\SDK\include\TSRM" /I "F:\work\swoole_compiler\SDK\include\ext" /DZEND_WIN32 /DPHP_WIN32 /DZEND_DEBUG=0 /DZTS /Od /W3 /wd4244 /wd4242 /wd4146 /wd4820 /wd4464 /wd4365 /wd4127 /wd4668 /wd4626 /wd5027 /wd5219 /wd5220 /wd4100 /wd5039 /wd4101 /wd4102 /wd4800 /wd5045 /wd5264 /wd5246 /wd4388 /wd4623 /wd4611 /EHsc /std:c++17 /MD /nologo
main.cc
cl /c "F:\work\swoole_compiler\phpx/src/misc/php_cli_process_title.c" /Fo"F:\work\swoole_compiler\phpx/src/misc\php_cli_process_title.obj" /I "F:\work\swoole_compiler\phpx\include" /I "F:\work\swoole_compiler\examples\vue-calc\build\include" /I "F:\work\swoole_compiler\phpx\src\misc" /I "F:\work\swoole_compiler\SDK\include" /I "F:\work\swoole_compiler\SDK\include\main" /I "F:\work\swoole_compiler\SDK\include\Zend" /I "F:\work\swoole_compiler\SDK\include\TSRM" /I "F:\work\swoole_compiler\SDK\include\ext" /DZEND_WIN32 /DPHP_WIN32 /DZEND_DEBUG=0 /DZTS /Od /W3 /wd4244 /wd4146 /nologo
php_cli_process_title.c
cl /c "F:\work\swoole_compiler\phpx/src/misc/ps_title.c" /Fo"F:\work\swoole_compiler\phpx/src/misc\ps_title.obj" /I "F:\work\swoole_compiler\phpx\include" /I "F:\work\swoole_compiler\examples\vue-calc\build\include" /I "F:\work\swoole_compiler\phpx\src\misc" /I "F:\work\swoole_compiler\SDK\include" /I "F:\work\swoole_compiler\SDK\include\main" /I "F:\work\swoole_compiler\SDK\include\Zend" /I "F:\work\swoole_compiler\SDK\include\TSRM" /I "F:\work\swoole_compiler\SDK\include\ext" /DZEND_WIN32 /DPHP_WIN32 /DZEND_DEBUG=0 /DZTS /Od /W3 /wd4244 /wd4146 /nologo
ps_title.c
Successfully compiled 15 files
link "F:\work\swoole_compiler\examples\vue-calc/build\apps\calculator\main.obj" "F:\work\swoole_compiler\examples\vue-calc/build\apps\calculator\Application.obj" "F:\work\swoole_compiler\examples\vue-calc/build\framework\ReactiveComponent.obj" "F:\work\swoole_compiler\examples\vue-calc/build\apps\calculator\gen\App.gen.obj" "F:\work\swoole_compiler\examples\vue-calc/build\apps\calculator\gen\AppLayout_gen.obj" "F:\work\swoole_compiler\examples\vue-calc/build\framework\ChangeQueue.obj" "F:\work\swoole_compiler\examples\vue-calc/build\framework\BaseRenderer.obj" "F:\work\swoole_compiler\examples\vue-calc/build\framework\rendering\RenderContext.obj" "F:\work\swoole_compiler\examples\vue-calc/build\framework\rendering\GdiRenderContext.obj" "F:\work\swoole_compiler\examples\vue-calc/build\stub\vue_calc.stub.obj" "F:\work\swoole_compiler\examples\vue-calc\cpp\vue_calc.obj" "F:\work\swoole_compiler\examples\vue-calc/build\extension-app_calculator.obj" "F:\work\swoole_compiler\phpx/src/misc\main.obj" "F:\work\swoole_compiler\phpx/src/misc\php_cli_process_title.obj" "F:\work\swoole_compiler\phpx/src/misc\ps_title.obj" /OUT:"calculator.exe" /LIBPATH:"F:\work\swoole_compiler\phpx\lib" /LIBPATH:"F:\work\swoole_compiler\SDK\lib" /NODEFAULTLIB:LIBCMT /nologo "F:\work\swoole_compiler\phpx\lib\phpx.lib" "F:\work\swoole_compiler\SDK\lib\php8ts.lib" "F:\work\swoole_compiler\SDK\lib\php8embed.lib" "user32.lib" "gdi32.lib" "kernel32.lib"
Build successful: calculator.exe
  [å®Œæˆ] AOT ç¼–è¯‘æˆåŠŸ (calculator.exe)

========================================
  Step 3: æ‰“åŒ… (exe + DLLs -> bin/)
========================================

  Copying calculator.exe ...
  Copying php8ts.dll ...
  Copying phpx.dll ...

  Package contents:
  ----------------------------------------
    calculator.exe   361984 bytes
    php8ts.dll   11578368 bytes
    phpx.dll   1993728 bytes
  ----------------------------------------

========================================
  Step 4: è¿è¡ŒéªŒè¯
========================================

[è¿è¡Œ] å¯åŠ¨ calculator.exe è¿›è¡ŒéªŒè¯...
[é”™è¯¯] è¿›ç¨‹å·²é€€å‡ºï¼Œå¯èƒ½å´©æºƒ
