========================================
  VueCalc v6 — SFC Data-Driven Application
  Pipeline: .vue → SFC Compiler → .gen.php → AOT → .exe
========================================

Window created (SFC Data-Driven Mode)

Fatal error: Uncaught Error: Only array/object/string support the item() method, type `int` given in Unknown(0) : eval():1
Stack trace:
#0 [internal function]: BaseRenderer->render()
#1 Unknown(0) : eval()(1): main()
#2 {main}
  thrown in Unknown(0) : eval() on line 1
